// Jest Snapshot v1, https://goo.gl/fbAQLP

exports[`ContactListItem component matches the snapshot 1`] = `
<div
  style={
    Object {
      "display": "none",
    }
  }
>
  <span
    className="sc-bdVaJa ekyfYm"
  />
  <li
    className="sc-bwzfXH hWXwrB"
  >
    <span
      className="sc-htpNat giabQi"
    />
    <div
      className="sc-bxivhb gSSgMV"
    >
      <span
        className="sc-ifAKCX cFlEyZ"
      />
      <span
        className="sc-EHOje TfEqE"
      />
    </div>
  </li>
</div>
`;
